12:55:00 [INFO] STEP 07_posteriors: Posterior Analysis (Rigorous Audit)
12:55:00 [INFO] SCOPE: hi_class with native TEP background-only + active-perturbation.
12:55:00 [INFO] Reference: TEP-C0 (Paper 26) native TEP + full Planck finds n_s = 0.9619 +- 0.0046.
12:55:00 [SUCCESS]   ✓ Loaded 18,720 samples from 1 chains (tep_hiclass_suite)
12:55:00 [SUCCESS]   ✓ Loaded 19,200 samples from 1 chains (tep_hiclass_perturbations)
12:55:00 [INFO] Gelman-Rubin R-1: N/A (1 chain loaded; requires >= 2 chains)
12:55:00 [INFO] TEP constraints (combined, 1 chain):
12:55:00 [INFO]     A_s: 2.314e-09 ± 0.00000
12:55:00 [INFO]     n_s: 0.99547 ± 0.00448
12:55:00 [INFO]     H0: 66.67714 ± 1.81662
12:55:00 [INFO]     omega_b: 0.02135 ± 0.00271
12:55:00 [INFO]     omega_cdm: 0.11504 ± 0.00421
12:55:00 [INFO]     tau_reio: 0.05024 ± 0.00777
12:55:00 [INFO]     A_planck: 1.08821 ± 0.01220
12:55:00 [INFO]     epsilon_T: 0.00602 ± 0.00493
12:55:00 [INFO]     sigma8: 0.85748 ± 0.01622
12:55:00 [INFO]     S8: 0.86722 ± 0.02571
12:55:00 [INFO] Active-perturbation constraints:
12:55:00 [INFO]     A_s: 2.310e-09 ± 0.00000
12:55:00 [INFO]     n_s: 0.99578 ± 0.00398
12:55:00 [INFO]     H0: 66.64694 ± 1.67234
12:55:00 [INFO]     omega_b: 0.02115 ± 0.00255
12:55:00 [INFO]     omega_cdm: 0.11518 ± 0.00387
12:55:00 [INFO]     tau_reio: 0.04955 ± 0.00713
12:55:00 [INFO]     A_planck: 1.08857 ± 0.01111
12:55:00 [INFO]     epsilon_T: 0.00549 ± 0.00464
12:55:00 [INFO]     sigma8: 0.85872 ± 0.01475
12:55:00 [INFO]     S8: 0.86862 ± 0.02326
12:55:00 [INFO]     S8: 0.86862 ± 0.02326
12:55:00 [INFO] Comparison (perturbation - background):
12:55:00 [INFO]     Δχ² = -0.490
12:55:00 [INFO]     ΔA_s: -0.000000 (joint σ = 0.00000, Δ/σ = -0.06)
12:55:00 [INFO]     Δn_s: 0.000312 (joint σ = 0.00599, Δ/σ = 0.05)
12:55:00 [INFO]     ΔH0: -0.030202 (joint σ = 2.46918, Δ/σ = -0.01)
12:55:00 [INFO]     Δomega_b: -0.000202 (joint σ = 0.00372, Δ/σ = -0.05)
12:55:00 [INFO]     Δomega_cdm: 0.000136 (joint σ = 0.00572, Δ/σ = 0.02)
12:55:00 [INFO]     Δtau_reio: -0.000693 (joint σ = 0.01055, Δ/σ = -0.07)
12:55:00 [INFO]     ΔA_planck: 0.000361 (joint σ = 0.01650, Δ/σ = 0.02)
12:55:00 [INFO]     Δepsilon_T: -0.000531 (joint σ = 0.00677, Δ/σ = -0.08)
12:55:00 [INFO]     Δsigma8: 0.001234 (joint σ = 0.02192, Δ/σ = 0.06)
12:55:00 [INFO]     ΔS8: 0.001393 (joint σ = 0.03467, Δ/σ = 0.04)
12:55:00 [INFO]     ΔS8: 0.001393 (joint σ = 0.03467, Δ/σ = 0.04)
12:55:00 [INFO]   Maximum parameter disagreement: 0.06σ
12:55:00 [SUCCESS]   ✓ Saved summary to /Users/matthewsmawfield/www/Temporal Equivalence Principle/TEP-HC/results/07_mcmc_summary_full.json
12:55:00 [SUCCESS] Key result: background vs perturbation ε_T agrees to -0.08σ
/σ = -0.08)
2026-06-15 12:55:00 [INFO]     Δsigma8: 0.001234 (joint σ = 0.02192, Δ/σ = 0.06)
2026-06-15 12:55:00 [INFO]     ΔS8: 0.001393 (joint σ = 0.03467, Δ/σ = 0.04)
2026-06-15 12:55:00 [INFO]     ΔS8: 0.001393 (joint σ = 0.03467, Δ/σ = 0.04)
2026-06-15 12:55:00 [INFO]   Maximum parameter disagreement: 0.06σ
2026-06-15 12:55:00 [SUCCESS]   ✓ Saved summary to /Users/matthewsmawfield/www/Temporal Equivalence Principle/TEP-HC/results/07_mcmc_summary_full.json
2026-06-15 12:55:00 [SUCCESS] Key result: background vs perturbation ε_T agrees to -0.08σ
