2026-07-04 19:41:41 [INFO] STEP 12_post_analysis: Post-Analysis Quantitative Tables
2026-07-04 19:41:41 [PROCESS] Computing acoustic-scale preservation metrics...
2026-07-04 19:41:41 [ERROR] Step failed: 'cl_tt_tep_pert'
2026-07-04 19:42:43 [INFO] STEP 12_post_analysis: Post-Analysis Quantitative Tables
2026-07-04 19:42:43 [PROCESS] Running hi_class (LCDM, TEP-bg, TEP-pert) with tCl,pCl,mPk...
2026-07-04 19:42:47 [PROCESS] Computing acoustic-scale preservation metrics...
2026-07-04 19:42:47 [PROCESS] Evaluating no-ghost discriminant across MCMC posterior...
2026-07-04 19:42:47 [PROCESS] Computing polarization residuals...
2026-07-04 19:42:47 [PROCESS] Computing growth-function diagnostic...
2026-07-04 19:42:47 [SUCCESS]   ✓ Saved post-analysis results to /Users/matthewsmawfield/www/Temporal Equivalence Principle/TEP-HC/results/12_post_analysis.json
2026-07-04 19:43:54 [INFO] STEP 12_post_analysis: Post-Analysis Quantitative Tables
2026-07-04 19:43:54 [PROCESS] Running hi_class (LCDM, TEP-bg, TEP-pert) with tCl,pCl,mPk...
2026-07-04 19:43:57 [PROCESS] Computing acoustic-scale preservation metrics...
2026-07-04 19:43:57 [PROCESS] Evaluating no-ghost discriminant across MCMC posterior...
2026-07-04 19:43:57 [PROCESS] Computing polarization residuals...
2026-07-04 19:43:57 [PROCESS] Computing growth-function diagnostic...
2026-07-04 19:43:57 [SUCCESS]   ✓ Saved post-analysis results to /Users/matthewsmawfield/www/Temporal Equivalence Principle/TEP-HC/results/12_post_analysis.json
2026-07-04 19:45:07 [INFO] STEP 12_post_analysis: Post-Analysis Quantitative Tables
2026-07-04 19:45:07 [PROCESS] Running hi_class (LCDM, TEP-bg, TEP-pert) with tCl,pCl,mPk...
2026-07-04 19:45:10 [PROCESS] Computing acoustic-scale preservation metrics...
2026-07-04 19:45:10 [PROCESS] Evaluating no-ghost discriminant across MCMC posterior...
2026-07-04 19:45:10 [PROCESS] Computing polarization residuals...
2026-07-04 19:45:10 [PROCESS] Computing growth-function diagnostic...
2026-07-04 19:45:10 [SUCCESS]   ✓ Saved post-analysis results to /Users/matthewsmawfield/www/Temporal Equivalence Principle/TEP-HC/results/12_post_analysis.json
