2026-07-05 15:10:56 [INFO] ============================================================
2026-07-05 15:10:56 [INFO] Step step_20_aplanck_sensitivity: A_planck Prior Sensitivity Test
2026-07-05 15:10:56 [INFO] ============================================================
2026-07-05 15:10:57 [PROCESS] Starting A_planck sensitivity MCMC run...
2026-07-05 15:10:57 [INFO] Running: cobaya-run /Users/matthewsmawfield/www/Temporal Equivalence Principle/TEP-HC/data/cobaya/tep_hiclass_aplanck_sens.yaml
2026-07-05 15:10:58 [INFO] [output] Output to be read-from/written-into folder 'results/mcmc_chains', with prefix 'tep_hiclass_aplanck_sens'
2026-07-05 15:11:00 [INFO] [classy] `classy` module loaded successfully from /Users/matthewsmawfield/www/Temporal Equivalence Principle/TEP-HC/external/hi_class/hi_class/python/build/lib.macosx-11.1-arm64-cpython-313
2026-07-05 15:11:00 [INFO] [classy] *WARNING* Detected an old CLASS version (<3.3). Please update: support for this will be deprecated soon.
2026-07-05 15:11:00 [INFO] [bao.sdss_dr12_consensus_final] Initialized.
2026-07-05 15:11:00 [INFO] [mcmc] *WARNING* This run has been SEEDED with seed 99
2026-07-05 15:11:00 [INFO] [mcmc] Getting initial point... (this may take a few seconds)
2026-07-05 15:11:01 [INFO] [mcmc] Initial point: logA:3.048664, n_s:0.9676144, H0:67.42758, omega_b:0.02263189, omega_cdm:0.119947, tau_reio:0.0452739, A_planck:1.002106, epsilon_T:0.01196651
2026-07-05 15:11:01 [INFO] [model] Measuring speeds... (this may take a few seconds)
2026-07-05 15:11:03 [INFO] [model] Setting measured speeds (per sec): {planck_2018_lowl.TT: 4710.0, planck_2018_lowl.EE: 12700.0, planck_2018_lensing.native: 7740.0, bao.sdss_dr12_consensus_final: 4210.0, sn.pantheonplus: 4450.0, classy: 2.06}
2026-07-05 15:11:03 [INFO] [mcmc] *WARNING* Dragging disabled: speed ratio and fast-to-slow ratio not large enough.
2026-07-05 15:11:03 [INFO] [mcmc] Oversampling with factors:
2026-07-05 15:11:03 [INFO] [mcmc] *  1 : ['logA', 'n_s', 'H0', 'omega_b', 'omega_cdm', 'tau_reio', 'epsilon_T']
2026-07-05 15:11:03 [INFO] [mcmc] * 10 : ['A_planck']
2026-07-05 15:11:03 [INFO] [mcmc] Covariance matrix not present. We will start learning the covariance of the proposal earlier: R-1 = 100 (would be 2 if all params loaded).
2026-07-05 15:11:03 [INFO] [mcmc] Sampling!
2026-07-05 15:15:53 [INFO] [mcmc] Learn + convergence test @ 320 samples accepted.
2026-07-05 15:15:53 [INFO] [mcmc]  - Acceptance rate: 0.604
2026-07-05 15:15:53 [INFO] [mcmc]  - Convergence of means: R-1 = 16.834897 after 256 accepted steps
2026-07-05 15:15:53 [INFO] [mcmc]  - Updated covariance matrix of proposal pdf.
2026-07-05 15:20:14 [INFO] [mcmc] Learn + convergence test @ 640 samples accepted.
2026-07-05 15:20:14 [INFO] [mcmc]  - Acceptance rate: 0.591
2026-07-05 15:20:14 [INFO] [mcmc]  - Convergence of means: R-1 = 16.872743 after 512 accepted steps
2026-07-05 15:20:14 [INFO] [mcmc]  - Updated covariance matrix of proposal pdf.
2026-07-05 15:23:59 [INFO] [mcmc] Learn + convergence test @ 960 samples accepted.
2026-07-05 15:23:59 [INFO] [mcmc]  - Acceptance rate: 0.540
2026-07-05 15:23:59 [INFO] [mcmc]  - Convergence of means: R-1 = 18.410735 after 768 accepted steps
2026-07-05 15:23:59 [INFO] [mcmc]  - Updated covariance matrix of proposal pdf.
2026-07-05 15:27:14 [INFO] [mcmc] Learn + convergence test @ 1280 samples accepted.
2026-07-05 15:27:14 [INFO] [mcmc]  - Acceptance rate: 0.496
2026-07-05 15:27:14 [INFO] [mcmc]  - Convergence of means: R-1 = 12.608882 after 1024 accepted steps
2026-07-05 15:27:14 [INFO] [mcmc]  - Updated covariance matrix of proposal pdf.
2026-07-05 15:30:39 [INFO] [mcmc] Learn + convergence test @ 1600 samples accepted.
2026-07-05 15:30:39 [INFO] [mcmc]  - Acceptance rate: 0.486
2026-07-05 15:30:39 [INFO] [mcmc]  - Convergence of means: R-1 = 3.012514 after 1280 accepted steps
2026-07-05 15:30:39 [INFO] [mcmc]  - Updated covariance matrix of proposal pdf.
2026-07-05 15:33:13 [INFO] [mcmc] Learn + convergence test @ 1920 samples accepted.
2026-07-05 15:33:13 [INFO] [mcmc]  - Acceptance rate: 0.493
2026-07-05 15:33:13 [INFO] [mcmc]  - Convergence of means: R-1 = 2.764528 after 1536 accepted steps
2026-07-05 15:33:13 [INFO] [mcmc]  - Updated covariance matrix of proposal pdf.
2026-07-05 15:35:44 [INFO] [mcmc] Learn + convergence test @ 2240 samples accepted.
2026-07-05 15:35:44 [INFO] [mcmc]  - Acceptance rate: 0.483
2026-07-05 15:35:44 [INFO] [mcmc]  - Convergence of means: R-1 = 1.968057 after 1792 accepted steps
2026-07-05 15:35:44 [INFO] [mcmc]  - Updated covariance matrix of proposal pdf.
2026-07-05 15:37:53 [INFO] [mcmc] Learn + convergence test @ 2560 samples accepted.
2026-07-05 15:37:53 [INFO] [mcmc]  - Acceptance rate: 0.489
2026-07-05 15:37:53 [INFO] [mcmc]  - Convergence of means: R-1 = 2.384252 after 2048 accepted steps
2026-07-05 15:37:53 [INFO] [mcmc]  - Updated covariance matrix of proposal pdf.
2026-07-05 15:41:02 [INFO] [mcmc] Learn + convergence test @ 2880 samples accepted.
2026-07-05 15:41:02 [INFO] [mcmc]  - Acceptance rate: 0.473
2026-07-05 15:41:02 [INFO] [mcmc]  - Convergence of means: R-1 = 1.295298 after 2304 accepted steps
2026-07-05 15:41:02 [INFO] [mcmc]  - Updated covariance matrix of proposal pdf.
2026-07-05 15:43:56 [INFO] [mcmc] Learn + convergence test @ 3200 samples accepted.
2026-07-05 15:43:56 [INFO] [mcmc]  - Acceptance rate: 0.479
2026-07-05 15:43:56 [INFO] [mcmc]  - Convergence of means: R-1 = 1.460051 after 2560 accepted steps
2026-07-05 15:43:56 [INFO] [mcmc]  - Updated covariance matrix of proposal pdf.
2026-07-05 15:46:08 [INFO] [mcmc] Learn + convergence test @ 3520 samples accepted.
2026-07-05 15:46:08 [INFO] [mcmc]  - Acceptance rate: 0.485
2026-07-05 15:46:08 [INFO] [mcmc]  - Convergence of means: R-1 = 1.062106 after 2816 accepted steps
2026-07-05 15:46:08 [INFO] [mcmc]  - Updated covariance matrix of proposal pdf.
2026-07-05 15:48:11 [INFO] [mcmc] Learn + convergence test @ 3840 samples accepted.
2026-07-05 15:48:11 [INFO] [mcmc]  - Acceptance rate: 0.475
2026-07-05 15:48:11 [INFO] [mcmc]  - Convergence of means: R-1 = 1.087940 after 3072 accepted steps
2026-07-05 15:48:11 [INFO] [mcmc]  - Updated covariance matrix of proposal pdf.
2026-07-05 15:50:55 [INFO] [mcmc] Learn + convergence test @ 4160 samples accepted.
2026-07-05 15:50:55 [INFO] [mcmc]  - Acceptance rate: 0.468
2026-07-05 15:50:55 [INFO] [mcmc]  - Convergence of means: R-1 = 0.931563 after 3328 accepted steps
2026-07-05 15:50:55 [INFO] [mcmc]  - Updated covariance matrix of proposal pdf.
2026-07-05 15:53:21 [INFO] [mcmc] Learn + convergence test @ 4480 samples accepted.
2026-07-05 15:53:21 [INFO] [mcmc]  - Acceptance rate: 0.464
2026-07-05 15:53:21 [INFO] [mcmc]  - Convergence of means: R-1 = 0.522554 after 3584 accepted steps
2026-07-05 15:53:21 [INFO] [mcmc]  - Updated covariance matrix of proposal pdf.
2026-07-05 15:56:12 [INFO] [mcmc] Learn + convergence test @ 4800 samples accepted.
2026-07-05 15:56:12 [INFO] [mcmc]  - Acceptance rate: 0.458
2026-07-05 15:56:12 [INFO] [mcmc]  - Convergence of means: R-1 = 0.522789 after 3840 accepted steps
2026-07-05 15:56:12 [INFO] [mcmc]  - Updated covariance matrix of proposal pdf.
2026-07-05 15:59:19 [INFO] [mcmc] Learn + convergence test @ 5120 samples accepted.
2026-07-05 15:59:19 [INFO] [mcmc]  - Acceptance rate: 0.456
2026-07-05 15:59:19 [INFO] [mcmc]  - Convergence of means: R-1 = 0.573254 after 4096 accepted steps
2026-07-05 15:59:19 [INFO] [mcmc]  - Updated covariance matrix of proposal pdf.
2026-07-05 16:01:44 [INFO] [mcmc] Learn + convergence test @ 5440 samples accepted.
2026-07-05 16:01:44 [INFO] [mcmc]  - Acceptance rate: 0.460
2026-07-05 16:01:44 [INFO] [mcmc]  - Convergence of means: R-1 = 0.439662 after 4352 accepted steps
2026-07-05 16:01:44 [INFO] [mcmc]  - Updated covariance matrix of proposal pdf.
2026-07-05 16:03:32 [INFO] [mcmc] Learn + convergence test @ 5760 samples accepted.
2026-07-05 16:03:32 [INFO] [mcmc]  - Acceptance rate: 0.464
2026-07-05 16:03:32 [INFO] [mcmc]  - Convergence of means: R-1 = 0.253362 after 4608 accepted steps
2026-07-05 16:03:32 [INFO] [mcmc]  - Updated covariance matrix of proposal pdf.
2026-07-05 16:06:14 [INFO] [mcmc] Learn + convergence test @ 6080 samples accepted.
2026-07-05 16:06:14 [INFO] [mcmc]  - Acceptance rate: 0.461
2026-07-05 16:06:14 [INFO] [mcmc]  - Convergence of means: R-1 = 0.179160 after 4864 accepted steps
2026-07-05 16:06:14 [INFO] [mcmc]  - Updated covariance matrix of proposal pdf.
2026-07-05 16:08:56 [INFO] [mcmc] Learn + convergence test @ 6400 samples accepted.
2026-07-05 16:08:56 [INFO] [mcmc]  - Acceptance rate: 0.458
2026-07-05 16:08:56 [INFO] [mcmc]  - Convergence of means: R-1 = 0.170777 after 5120 accepted steps
2026-07-05 16:08:56 [INFO] [mcmc]  - Updated covariance matrix of proposal pdf.
2026-07-05 16:11:22 [INFO] [mcmc] Learn + convergence test @ 6720 samples accepted.
2026-07-05 16:11:22 [INFO] [mcmc]  - Acceptance rate: 0.457
2026-07-05 16:11:22 [INFO] [mcmc]  - Convergence of means: R-1 = 0.171975 after 5376 accepted steps
2026-07-05 16:11:22 [INFO] [mcmc]  - Updated covariance matrix of proposal pdf.
2026-07-05 16:13:26 [INFO] [mcmc] Learn + convergence test @ 7040 samples accepted.
2026-07-05 16:13:26 [INFO] [mcmc]  - Acceptance rate: 0.457
2026-07-05 16:13:26 [INFO] [mcmc]  - Convergence of means: R-1 = 0.248362 after 5632 accepted steps
2026-07-05 16:13:26 [INFO] [mcmc]  - Updated covariance matrix of proposal pdf.
2026-07-05 16:16:01 [INFO] [mcmc] Learn + convergence test @ 7360 samples accepted.
2026-07-05 16:16:01 [INFO] [mcmc]  - Acceptance rate: 0.456
2026-07-05 16:16:01 [INFO] [mcmc]  - Convergence of means: R-1 = 0.154909 after 5888 accepted steps
2026-07-05 16:16:01 [INFO] [mcmc]  - Updated covariance matrix of proposal pdf.
2026-07-05 16:18:35 [INFO] [mcmc] Learn + convergence test @ 7680 samples accepted.
2026-07-05 16:18:35 [INFO] [mcmc]  - Acceptance rate: 0.451
2026-07-05 16:18:35 [INFO] [mcmc]  - Convergence of means: R-1 = 0.147594 after 6144 accepted steps
2026-07-05 16:18:35 [INFO] [mcmc]  - Updated covariance matrix of proposal pdf.
2026-07-05 16:21:35 [INFO] [mcmc] Learn + convergence test @ 8000 samples accepted.
2026-07-05 16:21:35 [INFO] [mcmc]  - Acceptance rate: 0.450
2026-07-05 16:21:35 [INFO] [mcmc]  - Convergence of means: R-1 = 0.160264 after 6400 accepted steps
2026-07-05 16:21:35 [INFO] [mcmc]  - Updated covariance matrix of proposal pdf.
2026-07-05 16:24:15 [INFO] [mcmc] Learn + convergence test @ 8320 samples accepted.
2026-07-05 16:24:15 [INFO] [mcmc]  - Acceptance rate: 0.448
2026-07-05 16:24:15 [INFO] [mcmc]  - Convergence of means: R-1 = 0.196950 after 6656 accepted steps
2026-07-05 16:24:15 [INFO] [mcmc]  - Updated covariance matrix of proposal pdf.
2026-07-05 16:24:49 [INFO] [planck_2018_lowl.ee] *WARNING* low EE multipole out of range, rejecting point
2026-07-05 16:26:09 [INFO] [mcmc] Learn + convergence test @ 8640 samples accepted.
2026-07-05 16:26:09 [INFO] [mcmc]  - Acceptance rate: 0.448
2026-07-05 16:26:09 [INFO] [mcmc]  - Convergence of means: R-1 = 0.164276 after 6912 accepted steps
2026-07-05 16:26:09 [INFO] [mcmc]  - Updated covariance matrix of proposal pdf.
2026-07-05 16:28:31 [INFO] [mcmc] Learn + convergence test @ 8960 samples accepted.
2026-07-05 16:28:31 [INFO] [mcmc]  - Acceptance rate: 0.450
2026-07-05 16:28:31 [INFO] [mcmc]  - Convergence of means: R-1 = 0.172520 after 7168 accepted steps
2026-07-05 16:28:31 [INFO] [mcmc]  - Updated covariance matrix of proposal pdf.
2026-07-05 16:31:10 [INFO] [mcmc] Learn + convergence test @ 9280 samples accepted.
2026-07-05 16:31:10 [INFO] [mcmc]  - Acceptance rate: 0.450
2026-07-05 16:31:10 [INFO] [mcmc]  - Convergence of means: R-1 = 0.145528 after 7424 accepted steps
2026-07-05 16:31:10 [INFO] [mcmc]  - Updated covariance matrix of proposal pdf.
2026-07-05 16:33:58 [INFO] [mcmc] Learn + convergence test @ 9600 samples accepted.
2026-07-05 16:33:58 [INFO] [mcmc]  - Acceptance rate: 0.447
2026-07-05 16:33:58 [INFO] [mcmc]  - Convergence of means: R-1 = 0.100050 after 7680 accepted steps
2026-07-05 16:33:58 [INFO] [mcmc]  - Updated covariance matrix of proposal pdf.
2026-07-05 16:36:19 [INFO] [mcmc] Learn + convergence test @ 9920 samples accepted.
2026-07-05 16:36:19 [INFO] [mcmc]  - Acceptance rate: 0.448
2026-07-05 16:36:19 [INFO] [mcmc]  - Convergence of means: R-1 = 0.094439 after 7936 accepted steps
2026-07-05 16:36:19 [INFO] [mcmc]  - Updated covariance matrix of proposal pdf.
2026-07-05 16:38:20 [INFO] [mcmc] Learn + convergence test @ 10240 samples accepted.
2026-07-05 16:38:20 [INFO] [mcmc]  - Acceptance rate: 0.450
2026-07-05 16:38:20 [INFO] [mcmc]  - Convergence of means: R-1 = 0.082559 after 8192 accepted steps
2026-07-05 16:38:20 [INFO] [mcmc]  - Updated covariance matrix of proposal pdf.
2026-07-05 16:41:14 [INFO] [mcmc] Learn + convergence test @ 10560 samples accepted.
2026-07-05 16:41:14 [INFO] [mcmc]  - Acceptance rate: 0.448
2026-07-05 16:41:14 [INFO] [mcmc]  - Convergence of means: R-1 = 0.085795 after 8448 accepted steps
2026-07-05 16:41:14 [INFO] [mcmc]  - Updated covariance matrix of proposal pdf.
2026-07-05 16:43:49 [INFO] [mcmc] Learn + convergence test @ 10880 samples accepted.
2026-07-05 16:43:49 [INFO] [mcmc]  - Acceptance rate: 0.449
2026-07-05 16:43:49 [INFO] [mcmc]  - Convergence of means: R-1 = 0.059812 after 8704 accepted steps
2026-07-05 16:43:49 [INFO] [mcmc]  - Updated covariance matrix of proposal pdf.
2026-07-05 16:46:07 [INFO] [mcmc] Learn + convergence test @ 11200 samples accepted.
2026-07-05 16:46:07 [INFO] [mcmc]  - Acceptance rate: 0.450
2026-07-05 16:46:07 [INFO] [mcmc]  - Convergence of means: R-1 = 0.074285 after 8960 accepted steps
2026-07-05 16:46:07 [INFO] [mcmc]  - Updated covariance matrix of proposal pdf.
2026-07-05 16:48:49 [INFO] [mcmc] Learn + convergence test @ 11520 samples accepted.
2026-07-05 16:48:49 [INFO] [mcmc]  - Acceptance rate: 0.452
2026-07-05 16:48:49 [INFO] [mcmc]  - Convergence of means: R-1 = 0.057245 after 9216 accepted steps
2026-07-05 16:48:49 [INFO] [mcmc]  - Updated covariance matrix of proposal pdf.
2026-07-05 16:51:18 [INFO] [mcmc] Learn + convergence test @ 11840 samples accepted.
2026-07-05 16:51:18 [INFO] [mcmc]  - Acceptance rate: 0.451
2026-07-05 16:51:18 [INFO] [mcmc]  - Convergence of means: R-1 = 0.066554 after 9472 accepted steps
2026-07-05 16:51:18 [INFO] [mcmc]  - Updated covariance matrix of proposal pdf.
