2026-07-05 12:32:22 [INFO] ============================================================
2026-07-05 12:32:22 [INFO] CAMB TEP Grid Scan (plik_lite TTTEEE)
2026-07-05 12:32:22 [INFO] ============================================================
2026-07-05 12:32:22 [INFO] 
Evaluating 11 epsilon_T values...
2026-07-05 12:32:22 [PROCESS]   [1/11] epsilon_T = 0.0000 ... 
2026-07-05 12:32:27 [SUCCESS]   loglike = -704.76, chi2 = 1409.53
2026-07-05 12:32:27 [PROCESS]   [2/11] epsilon_T = 0.0020 ... 
2026-07-05 12:32:28 [SUCCESS]   loglike = -679.09, chi2 = 1358.18
2026-07-05 12:32:28 [PROCESS]   [3/11] epsilon_T = 0.0040 ... 
2026-07-05 12:32:28 [SUCCESS]   loglike = -649.58, chi2 = 1299.15
2026-07-05 12:32:28 [PROCESS]   [4/11] epsilon_T = 0.0060 ... 
2026-07-05 12:32:29 [SUCCESS]   loglike = -618.65, chi2 = 1237.30
2026-07-05 12:32:29 [PROCESS]   [5/11] epsilon_T = 0.0080 ... 
2026-07-05 12:32:30 [SUCCESS]   loglike = -590.88, chi2 = 1181.75
2026-07-05 12:32:30 [PROCESS]   [6/11] epsilon_T = 0.0100 ... 
2026-07-05 12:32:31 [SUCCESS]   loglike = -574.61, chi2 = 1149.22
2026-07-05 12:32:31 [PROCESS]   [7/11] epsilon_T = 0.0120 ... 
2026-07-05 12:32:33 [SUCCESS]   loglike = -583.25, chi2 = 1166.49
2026-07-05 12:32:33 [PROCESS]   [8/11] epsilon_T = 0.0140 ... 
2026-07-05 12:32:34 [SUCCESS]   loglike = -631.10, chi2 = 1262.20
2026-07-05 12:32:34 [PROCESS]   [9/11] epsilon_T = 0.0160 ... 
2026-07-05 12:32:35 [SUCCESS]   loglike = -717.60, chi2 = 1435.20
2026-07-05 12:32:35 [PROCESS]   [10/11] epsilon_T = 0.0180 ... 
2026-07-05 12:32:36 [SUCCESS]   loglike = -810.92, chi2 = 1621.83
2026-07-05 12:32:36 [PROCESS]   [11/11] epsilon_T = 0.0200 ... 
2026-07-05 12:32:37 [SUCCESS]   loglike = -987.60, chi2 = 1975.20
2026-07-05 12:32:37 [INFO] 
--- Best fit ---
2026-07-05 12:32:37 [INFO]   epsilon_T = 0.01000
2026-07-05 12:32:37 [INFO]   chi2 = 1149.22
2026-07-05 12:32:37 [INFO]   Delta chi2 (best - LCDM) = -260.30
2026-07-05 12:32:37 [SUCCESS] 
Results saved to /Users/matthewsmawfield/www/Temporal Equivalence Principle/TEP-HC/results/step_19_camb_tep_grid.json
