2026-06-15 19:28:54 [INFO] STEP 11b_integrate_mpi_run: Integrate ad-hoc MPI run
2026-06-15 19:28:54 [INFO]   Copied log -> step_09_mpi_mcmc_full.log
2026-06-15 19:28:54 [INFO]   Found 4 chain files
2026-06-15 19:28:54 [INFO]   Final cross-chain R-1: 0.189383
2026-06-15 19:28:54 [INFO]   Summary JSON -> /Users/matthewsmawfield/www/Temporal Equivalence Principle/TEP-HC/results/11_mpi_mcmc_summary.json
2026-06-15 19:28:54 [WARNING]   WARNING: R-1 = 0.189383 (target < 0.05)
2026-06-15 19:28:54 [SUCCESS] Integration complete.
2026-06-15 23:29:24 [INFO] STEP 11b_integrate_mpi_run: Integrate ad-hoc MPI run
2026-06-15 23:29:24 [INFO]   Copied log -> step_09_mpi_mcmc_full.log
2026-06-15 23:29:24 [INFO]   Found 4 chain files
2026-06-15 23:29:24 [INFO]   Final cross-chain R-1: 0.05001
2026-06-15 23:29:24 [INFO]   Summary JSON -> /Users/matthewsmawfield/www/Temporal Equivalence Principle/TEP-HC/results/11_mpi_mcmc_summary.json
2026-06-15 23:29:24 [WARNING]   WARNING: R-1 = 0.05001 (target < 0.05)
2026-06-15 23:29:24 [SUCCESS] Integration complete.
2026-06-15 23:41:37 [INFO] STEP 11b_integrate_mpi_run: Integrate ad-hoc MPI run
2026-06-15 23:41:37 [INFO]   Copied log -> step_11_mpi_mcmc_full.log
2026-06-15 23:41:37 [INFO]   Found 4 chain files
2026-06-15 23:41:37 [INFO]   Final cross-chain R-1: 0.05001
2026-06-15 23:41:37 [INFO]   Summary JSON -> /Users/matthewsmawfield/www/Temporal Equivalence Principle/TEP-HC/results/11_mpi_mcmc_summary.json
2026-06-15 23:41:37 [WARNING]   WARNING: R-1 = 0.05001 (target < 0.05)
2026-06-15 23:41:37 [SUCCESS] Integration complete.
