03:07:56 [INFO] ============================================================
03:07:56 [INFO] STEP 06_mcmc: MCMC Execution with hi_class: background-only + active perturbations (Real Data Only)
03:07:56 [INFO] Run started at: 2026-06-15T03:07:56.955866
03:07:56 [INFO] ============================================================
03:07:56 [PROCESS] Launching Cobaya MCMC (background-only TEP)...
03:07:56 [INFO]   Config: /Users/matthewsmawfield/www/Temporal Equivalence Principle/TEP-HC/data/cobaya/tep_hiclass_suite.yaml
03:07:56 [INFO]   Hardware: M4 Pro detected, using 10 performance cores
03:07:56 [PROCESS]   MCMC running (log: /Users/matthewsmawfield/www/Temporal Equivalence Principle/TEP-HC/logs/cobaya_background.log)
08:15:34 [PROCESS]   Verifying background chain...
08:15:34 [SUCCESS]   ✓ Fresh chain verified: tep_hiclass_suite.1.txt (8087472 bytes, 18720/18720 unique)
08:15:34 [PROCESS] Launching Cobaya MCMC (active perturbations)...
08:15:34 [INFO]   Config: /Users/matthewsmawfield/www/Temporal Equivalence Principle/TEP-HC/data/cobaya/tep_hiclass_perturbations.yaml
08:15:34 [PROCESS]   MCMC running (log: /Users/matthewsmawfield/www/Temporal Equivalence Principle/TEP-HC/logs/cobaya_perturbations.log)
10:57:16 [PROCESS]   Verifying perturbation chain...
10:57:16 [SUCCESS]   ✓ Fresh chain verified: tep_hiclass_perturbations.1.txt (8294832 bytes, 19200/19200 unique)
10:57:16 [SUCCESS] 
  ✓ Both MCMC chains completed successfully
rbations.log)
2026-06-15 10:57:16 [PROCESS]   Verifying perturbation chain...
2026-06-15 10:57:16 [SUCCESS]   ✓ Fresh chain verified: tep_hiclass_perturbations.1.txt (8294832 bytes, 19200/19200 unique)
2026-06-15 10:57:16 [SUCCESS] 
  ✓ Both MCMC chains completed successfully
EXIT_CODE=0
